// Jest Snapshot v1, https://goo.gl/fbAQLP

exports[`ArticleCard 1`] = `
<ul
  className="sc-cTkwdZ dFPxgp"
>
  <li
    className="sc-jNMdTA cEMRPw"
    onClick={[Function]}
    onMouseEnter={[Function]}
  >
    <article
      className="sc-bdfBwQ cIcVTu"
    >
      <div
        className="sc-gsTCUz ywWHk"
      >
        <h3
          className="sc-dlfnbm haUCCe"
        >
          【テスト記事】テスト記事です
        </h3>
      </div>
      <div
        className="sc-hKgILt chrFSH"
      >
        <span
          className="sc-jSgupP jvTTyp"
        >
          2021/04/21
        </span>
        <span
          className="sc-eCssSg iCSNRt"
        >
          #
          Tech
        </span>
      </div>
    </article>
  </li>
  <li
    className="sc-jNMdTA cEMRPw"
    onClick={[Function]}
    onMouseEnter={[Function]}
  >
    <article
      className="sc-bdfBwQ cIcVTu"
    >
      <div
        className="sc-gsTCUz ywWHk"
      >
        <h3
          className="sc-dlfnbm haUCCe"
        >
          【テスト記事2】テスト記事2です
        </h3>
      </div>
      <div
        className="sc-hKgILt chrFSH"
      >
        <span
          className="sc-jSgupP jvTTyp"
        >
          2021/04/21
        </span>
        <span
          className="sc-eCssSg iCSNRt"
        >
          #
          Poem
        </span>
      </div>
    </article>
  </li>
</ul>
`;
