// Jest Snapshot v1, https://goo.gl/fbAQLP

exports[`CategoryList 1`] = `
<ul
  className="sc-jNMdTA ccJSFx"
>
  <li
    className="sc-dOSReg gvGpFn"
  >
    <span
      className="sc-pFZIQ gYbQTZ"
    >
      ðŸ’»
    </span>
    #
    Tech
    (undefinedè¨˜äº‹) 
  </li>
  <li
    className="sc-dOSReg gvGpFn"
  >
    <span
      className="sc-pFZIQ gYbQTZ"
    >
      ðŸ’¬
    </span>
    #
    Poem
    (undefinedè¨˜äº‹) 
  </li>
</ul>
`;
